0 verbose cli /Users/suraj/.nvm/versions/node/v24.14.0/bin/node /Users/suraj/.nvm/versions/node/v24.14.0/bin/npm
1 info using npm@11.9.0
2 info using node@v24.14.0
3 silly config load:file:/Users/suraj/.nvm/versions/node/v24.14.0/lib/node_modules/npm/npmrc
4 silly config load:file:/Users/suraj/Desktop/Project/persnol/portfolio/.npmrc
5 silly config load:file:/Users/suraj/.npmrc
6 silly config load:file:/Users/suraj/.nvm/versions/node/v24.14.0/etc/npmrc
7 verbose title npm install eslint@^9
8 verbose argv "install" "eslint@^9" "--cache" "./.npm-cache"
9 verbose logfile logs-max:10 dir:/Users/suraj/Desktop/Project/persnol/portfolio/.npm-cache/_logs/2026-08-19T03_08_01_029Z-
10 verbose logfile /Users/suraj/Desktop/Project/persnol/portfolio/.npm-cache/_logs/2026-08-19T03_08_01_029Z-debug-0.log
11 silly logfile done cleaning log files
12 silly packumentCache heap:2348810240 maxSize:587202560 maxEntrySize:293601280
13 silly idealTree buildDeps
14 silly fetch manifest eslint@^9
15 silly packumentCache full:https://registry.npmjs.org/eslint cache-miss
16 http cache https://registry.npmjs.org/eslint 51ms (cache hit)
17 silly packumentCache full:https://registry.npmjs.org/eslint set size:2048190 disposed:false
18 silly fetch manifest jiti@*
19 silly packumentCache full:https://registry.npmjs.org/jiti cache-miss
20 http cache https://registry.npmjs.org/jiti 3ms (cache hit)
21 silly packumentCache full:https://registry.npmjs.org/jiti set size:387989 disposed:false
22 silly placeDep ROOT eslint@9.39.5 REPLACE for: portfolio@0.1.0 want: ^9
23 silly fetch manifest chalk@^4.0.0
24 silly packumentCache full:https://registry.npmjs.org/chalk cache-miss
25 silly fetch manifest espree@^10.4.0
26 silly packumentCache full:https://registry.npmjs.org/espree cache-miss
27 silly fetch manifest minimatch@^3.1.5
28 silly packumentCache full:https://registry.npmjs.org/minimatch cache-miss
29 silly fetch manifest @eslint/js@9.39.5
30 silly packumentCache full:https://registry.npmjs.org/@eslint%2fjs cache-miss
31 silly fetch manifest @eslint/core@^0.17.0
32 silly packumentCache full:https://registry.npmjs.org/@eslint%2fcore cache-miss
33 silly fetch manifest eslint-scope@^8.4.0
34 silly packumentCache full:https://registry.npmjs.org/eslint-scope cache-miss
35 silly fetch manifest lodash.merge@^4.6.2
36 silly packumentCache full:https://registry.npmjs.org/lodash.merge cache-miss
37 http cache https://registry.npmjs.org/@eslint%2fcore 13ms (cache hit)
38 silly packumentCache full:https://registry.npmjs.org/@eslint%2fcore set size:58023 disposed:false
39 silly fetch manifest @eslint/eslintrc@^3.3.6
40 silly packumentCache full:https://registry.npmjs.org/@eslint%2feslintrc cache-miss
41 http cache https://registry.npmjs.org/espree 15ms (cache hit)
42 silly packumentCache full:https://registry.npmjs.org/espree set size:326080 disposed:false
43 silly fetch manifest @eslint/plugin-kit@^0.4.1
44 silly packumentCache full:https://registry.npmjs.org/@eslint%2fplugin-kit cache-miss
45 http cache https://registry.npmjs.org/eslint-scope 16ms (cache hit)
46 silly packumentCache full:https://registry.npmjs.org/eslint-scope set size:98867 disposed:false
47 silly fetch manifest eslint-visitor-keys@^4.2.1
48 silly packumentCache full:https://registry.npmjs.org/eslint-visitor-keys cache-miss
49 http cache https://registry.npmjs.org/minimatch 17ms (cache hit)
50 silly packumentCache full:https://registry.npmjs.org/minimatch set size:377924 disposed:false
51 silly fetch manifest @eslint/config-array@^0.21.2
52 silly packumentCache full:https://registry.npmjs.org/@eslint%2fconfig-array cache-miss
53 http cache https://registry.npmjs.org/@eslint%2fconfig-array 3ms (cache hit)
54 silly packumentCache full:https://registry.npmjs.org/@eslint%2fconfig-array set size:74140 disposed:false
55 silly fetch manifest @eslint/config-helpers@^0.4.2
56 silly packumentCache full:https://registry.npmjs.org/@eslint%2fconfig-helpers cache-miss
57 http cache https://registry.npmjs.org/@eslint%2fplugin-kit 6ms (cache hit)
58 silly packumentCache full:https://registry.npmjs.org/@eslint%2fplugin-kit set size:76057 disposed:false
59 http cache https://registry.npmjs.org/eslint-visitor-keys 6ms (cache hit)
60 silly packumentCache full:https://registry.npmjs.org/eslint-visitor-keys set size:69949 disposed:false
61 http cache https://registry.npmjs.org/@eslint%2fconfig-helpers 3ms (cache hit)
62 silly packumentCache full:https://registry.npmjs.org/@eslint%2fconfig-helpers set size:55216 disposed:false
63 http fetch GET 200 https://registry.npmjs.org/chalk 255ms (cache miss)
64 silly packumentCache full:https://registry.npmjs.org/chalk set size:undefined disposed:false
65 http fetch GET 200 https://registry.npmjs.org/@eslint%2feslintrc 244ms (cache miss)
66 silly packumentCache full:https://registry.npmjs.org/@eslint%2feslintrc set size:undefined disposed:false
67 http fetch GET 200 https://registry.npmjs.org/lodash.merge 291ms (cache miss)
68 silly packumentCache full:https://registry.npmjs.org/lodash.merge set size:undefined disposed:false
69 http fetch GET 200 https://registry.npmjs.org/@eslint%2fjs 508ms (cache miss)
70 silly packumentCache full:https://registry.npmjs.org/@eslint%2fjs set size:undefined disposed:false
71 silly placeDep ROOT @eslint/config-array@0.21.2 OK for: eslint@9.39.5 want: ^0.21.2
72 silly placeDep ROOT @eslint/config-helpers@0.4.2 OK for: eslint@9.39.5 want: ^0.4.2
73 silly placeDep ROOT @eslint/core@0.17.0 OK for: eslint@9.39.5 want: ^0.17.0
74 silly placeDep ROOT @eslint/eslintrc@3.3.6 OK for: eslint@9.39.5 want: ^3.3.6
75 silly placeDep ROOT @eslint/js@9.39.5 OK for: eslint@9.39.5 want: 9.39.5
76 silly placeDep ROOT @eslint/plugin-kit@0.4.1 OK for: eslint@9.39.5 want: ^0.4.1
77 silly placeDep ROOT chalk@4.1.2 OK for: eslint@9.39.5 want: ^4.0.0
78 silly placeDep ROOT eslint-scope@8.4.0 OK for: eslint@9.39.5 want: ^8.4.0
79 silly placeDep node_modules/eslint eslint-visitor-keys@4.2.1 OK for: eslint@9.39.5 want: ^4.2.1
80 silly placeDep ROOT espree@10.4.0 OK for: eslint@9.39.5 want: ^10.4.0
81 silly placeDep ROOT lodash.merge@4.6.2 OK for: eslint@9.39.5 want: ^4.6.2
82 silly placeDep node_modules/eslint minimatch@3.1.5 OK for: eslint@9.39.5 want: ^3.1.5
83 silly fetch manifest @eslint/object-schema@^2.1.7
84 silly packumentCache full:https://registry.npmjs.org/@eslint%2fobject-schema cache-miss
85 silly fetch manifest @types/json-schema@^7.0.15
86 silly packumentCache full:https://registry.npmjs.org/@types%2fjson-schema cache-miss
87 silly fetch manifest espree@^10.0.1
88 silly packumentCache full:https://registry.npmjs.org/espree cache-hit
89 silly fetch manifest globals@^14.0.0
90 silly packumentCache full:https://registry.npmjs.org/globals cache-miss
91 silly fetch manifest import-fresh@^3.2.1
92 silly packumentCache full:https://registry.npmjs.org/import-fresh cache-miss
93 silly fetch manifest js-yaml@^4.3.0
94 silly packumentCache full:https://registry.npmjs.org/js-yaml cache-miss
95 silly fetch manifest strip-json-comments@^3.1.1
96 silly packumentCache full:https://registry.npmjs.org/strip-json-comments cache-miss
97 silly fetch manifest supports-color@^7.1.0
98 silly packumentCache full:https://registry.npmjs.org/supports-color cache-miss
99 http cache https://registry.npmjs.org/@types%2fjson-schema 4ms (cache hit)
100 silly packumentCache full:https://registry.npmjs.org/@types%2fjson-schema set size:44704 disposed:false
101 silly fetch manifest esrecurse@^4.3.0
102 silly packumentCache full:https://registry.npmjs.org/esrecurse cache-miss
103 http cache https://registry.npmjs.org/globals 5ms (cache hit)
104 silly packumentCache full:https://registry.npmjs.org/globals set size:335107 disposed:false
105 silly fetch manifest acorn@^8.15.0
106 silly packumentCache full:https://registry.npmjs.org/acorn cache-miss
107 http cache https://registry.npmjs.org/@eslint%2fobject-schema 7ms (cache hit)
108 silly packumentCache full:https://registry.npmjs.org/@eslint%2fobject-schema set size:38535 disposed:false
109 silly fetch manifest acorn-jsx@^5.3.2
110 silly packumentCache full:https://registry.npmjs.org/acorn-jsx cache-miss
111 http cache https://registry.npmjs.org/esrecurse 4ms (cache hit)
112 silly packumentCache full:https://registry.npmjs.org/esrecurse set size:29005 disposed:false
113 silly fetch manifest brace-expansion@^1.1.7
114 silly packumentCache full:https://registry.npmjs.org/brace-expansion cache-miss
115 http cache https://registry.npmjs.org/acorn 3ms (cache hit)
116 silly packumentCache full:https://registry.npmjs.org/acorn set size:383439 disposed:false
117 http cache https://registry.npmjs.org/acorn-jsx 4ms (cache hit)
118 silly packumentCache full:https://registry.npmjs.org/acorn-jsx set size:71068 disposed:false
119 http cache https://registry.npmjs.org/brace-expansion 4ms (cache hit)
120 silly packumentCache full:https://registry.npmjs.org/brace-expansion set size:101024 disposed:false
121 http fetch GET 200 https://registry.npmjs.org/import-fresh 83ms (cache miss)
122 silly packumentCache full:https://registry.npmjs.org/import-fresh set size:undefined disposed:false
123 http fetch GET 200 https://registry.npmjs.org/strip-json-comments 83ms (cache miss)
124 silly packumentCache full:https://registry.npmjs.org/strip-json-comments set size:undefined disposed:false
125 http fetch GET 200 https://registry.npmjs.org/js-yaml 86ms (cache miss)
126 silly packumentCache full:https://registry.npmjs.org/js-yaml set size:undefined disposed:false
127 http fetch GET 200 https://registry.npmjs.org/supports-color 97ms (cache miss)
128 silly packumentCache full:https://registry.npmjs.org/supports-color set size:undefined disposed:false
129 silly placeDep ROOT @eslint/object-schema@2.1.7 OK for: @eslint/config-array@0.21.2 want: ^2.1.7
130 silly placeDep node_modules/@eslint/config-array minimatch@3.1.5 OK for: @eslint/config-array@0.21.2 want: ^3.1.5
131 silly placeDep ROOT @types/json-schema@7.0.15 OK for: @eslint/core@0.17.0 want: ^7.0.15
132 silly placeDep node_modules/@eslint/eslintrc globals@14.0.0 OK for: @eslint/eslintrc@3.3.6 want: ^14.0.0
133 silly placeDep ROOT import-fresh@3.3.1 OK for: @eslint/eslintrc@3.3.6 want: ^3.2.1
134 silly placeDep ROOT js-yaml@4.3.1 OK for: @eslint/eslintrc@3.3.6 want: ^4.3.0
135 silly placeDep node_modules/@eslint/eslintrc minimatch@3.1.5 OK for: @eslint/eslintrc@3.3.6 want: ^3.1.5
136 silly placeDep ROOT strip-json-comments@3.1.1 OK for: @eslint/eslintrc@3.3.6 want: ^3.1.1
137 silly fetch manifest resolve-from@^4.0.0
138 silly packumentCache full:https://registry.npmjs.org/resolve-from cache-miss
139 silly fetch manifest parent-module@^1.0.0
140 silly packumentCache full:https://registry.npmjs.org/parent-module cache-miss
141 silly fetch manifest argparse@^2.0.1
142 silly packumentCache full:https://registry.npmjs.org/argparse cache-miss
143 http fetch GET 200 https://registry.npmjs.org/resolve-from 77ms (cache miss)
144 silly packumentCache full:https://registry.npmjs.org/resolve-from set size:undefined disposed:false
145 http fetch GET 200 https://registry.npmjs.org/argparse 78ms (cache miss)
146 silly packumentCache full:https://registry.npmjs.org/argparse set size:undefined disposed:false
147 http fetch GET 200 https://registry.npmjs.org/parent-module 79ms (cache miss)
148 silly packumentCache full:https://registry.npmjs.org/parent-module set size:undefined disposed:false
149 silly placeDep ROOT supports-color@7.2.0 OK for: chalk@4.1.2 want: ^7.1.0
150 silly fetch manifest has-flag@^4.0.0
151 silly packumentCache full:https://registry.npmjs.org/has-flag cache-miss
152 http fetch GET 200 https://registry.npmjs.org/has-flag 67ms (cache miss)
153 silly packumentCache full:https://registry.npmjs.org/has-flag set size:undefined disposed:false
154 silly placeDep ROOT esrecurse@4.3.0 OK for: eslint-scope@8.4.0 want: ^4.3.0
155 silly placeDep ROOT acorn@8.18.0 OK for: espree@10.4.0 want: ^8.15.0
156 silly placeDep ROOT acorn-jsx@5.3.2 OK for: espree@10.4.0 want: ^5.3.2
157 silly placeDep node_modules/espree eslint-visitor-keys@4.2.1 OK for: espree@10.4.0 want: ^4.2.1
158 silly placeDep ROOT parent-module@1.0.1 OK for: import-fresh@3.3.1 want: ^1.0.0
159 silly placeDep ROOT resolve-from@4.0.0 OK for: import-fresh@3.3.1 want: ^4.0.0
160 silly fetch manifest callsites@^3.0.0
161 silly packumentCache full:https://registry.npmjs.org/callsites cache-miss
162 http fetch GET 200 https://registry.npmjs.org/callsites 60ms (cache miss)
163 silly packumentCache full:https://registry.npmjs.org/callsites set size:undefined disposed:false
164 silly placeDep ROOT argparse@2.0.1 OK for: js-yaml@4.3.1 want: ^2.0.1
165 silly placeDep ROOT callsites@3.1.0 OK for: parent-module@1.0.1 want: ^3.0.0
166 silly placeDep ROOT has-flag@4.0.0 OK for: supports-color@7.2.0 want: ^4.0.0
167 silly placeDep node_modules/@eslint/config-array brace-expansion@1.1.18 OK for: minimatch@3.1.5 want: ^1.1.7
168 silly placeDep node_modules/@eslint/eslintrc brace-expansion@1.1.18 OK for: minimatch@3.1.5 want: ^1.1.7
169 silly placeDep node_modules/eslint brace-expansion@1.1.18 OK for: minimatch@3.1.5 want: ^1.1.7
170 silly reify mark retired [
170 silly reify   '/Users/suraj/Desktop/Project/persnol/portfolio/node_modules/@eslint/config-array'
170 silly reify ]
171 silly reify mark retired [
171 silly reify   '/Users/suraj/Desktop/Project/persnol/portfolio/node_modules/@eslint/config-helpers'
171 silly reify ]
172 silly reify mark retired [
172 silly reify   '/Users/suraj/Desktop/Project/persnol/portfolio/node_modules/@eslint/core'
172 silly reify ]
173 silly reify mark retired [
173 silly reify   '/Users/suraj/Desktop/Project/persnol/portfolio/node_modules/@eslint/object-schema'
173 silly reify ]
174 silly reify mark retired [
174 silly reify   '/Users/suraj/Desktop/Project/persnol/portfolio/node_modules/@eslint/plugin-kit'
174 silly reify ]
175 silly reify mark retired [
175 silly reify   '/Users/suraj/Desktop/Project/persnol/portfolio/node_modules/@types/esrecurse'
175 silly reify ]
176 silly reify mark retired [
176 silly reify   '/Users/suraj/Desktop/Project/persnol/portfolio/node_modules/eslint',
176 silly reify   '/Users/suraj/Desktop/Project/persnol/portfolio/node_modules/.bin/eslint'
176 silly reify ]
177 silly reify mark retired [
177 silly reify   '/Users/suraj/Desktop/Project/persnol/portfolio/node_modules/eslint-scope'
177 silly reify ]
178 silly reify mark retired [
178 silly reify   '/Users/suraj/Desktop/Project/persnol/portfolio/node_modules/espree'
178 silly reify ]
179 silly reify moves {
179 silly reify   '/Users/suraj/Desktop/Project/persnol/portfolio/node_modules/@eslint/config-array': '/Users/suraj/Desktop/Project/persnol/portfolio/node_modules/@eslint/.config-array-3gWctlD6',
179 silly reify   '/Users/suraj/Desktop/Project/persnol/portfolio/node_modules/@eslint/config-helpers': '/Users/suraj/Desktop/Project/persnol/portfolio/node_modules/@eslint/.config-helpers-9nPHiMzL',
179 silly reify   '/Users/suraj/Desktop/Project/persnol/portfolio/node_modules/@eslint/core': '/Users/suraj/Desktop/Project/persnol/portfolio/node_modules/@eslint/.core-ZGNgi9H5',
179 silly reify   '/Users/suraj/Desktop/Project/persnol/portfolio/node_modules/@eslint/object-schema': '/Users/suraj/Desktop/Project/persnol/portfolio/node_modules/@eslint/.object-schema-W4ZHBFC1',
179 silly reify   '/Users/suraj/Desktop/Project/persnol/portfolio/node_modules/@eslint/plugin-kit': '/Users/suraj/Desktop/Project/persnol/portfolio/node_modules/@eslint/.plugin-kit-76Cl4Ygj',
179 silly reify   '/Users/suraj/Desktop/Project/persnol/portfolio/node_modules/@types/esrecurse': '/Users/suraj/Desktop/Project/persnol/portfolio/node_modules/@types/.esrecurse-oORIBGPB',
179 silly reify   '/Users/suraj/Desktop/Project/persnol/portfolio/node_modules/eslint': '/Users/suraj/Desktop/Project/persnol/portfolio/node_modules/.eslint-jFhAtiHQ',
179 silly reify   '/Users/suraj/Desktop/Project/persnol/portfolio/node_modules/.bin/eslint': '/Users/suraj/Desktop/Project/persnol/portfolio/node_modules/.bin/.eslint-2Kza1VaE',
179 silly reify   '/Users/suraj/Desktop/Project/persnol/portfolio/node_modules/eslint-scope': '/Users/suraj/Desktop/Project/persnol/portfolio/node_modules/.eslint-scope-sm0LJdlj',
179 silly reify   '/Users/suraj/Desktop/Project/persnol/portfolio/node_modules/espree': '/Users/suraj/Desktop/Project/persnol/portfolio/node_modules/.espree-EdGR787j'
179 silly reify }
180 silly audit bulk request {
180 silly audit   '@alloc/quick-lru': [ '5.2.0' ],
180 silly audit   '@babel/code-frame': [ '7.29.7' ],
180 silly audit   '@babel/compat-data': [ '7.29.7' ],
180 silly audit   '@babel/core': [ '7.29.7' ],
180 silly audit   semver: [ '6.3.1', '7.8.5' ],
180 silly audit   '@babel/generator': [ '7.29.8' ],
180 silly audit   '@babel/helper-compilation-targets': [ '7.29.7' ],
180 silly audit   'lru-cache': [ '5.1.1', '10.4.3' ],
180 silly audit   '@babel/helper-globals': [ '7.29.7' ],
180 silly audit   '@babel/helper-module-imports': [ '7.29.7' ],
180 silly audit   '@babel/helper-module-transforms': [ '7.29.7' ],
180 silly audit   '@babel/helper-string-parser': [ '7.29.7' ],
180 silly audit   '@babel/helper-validator-identifier': [ '7.29.7' ],
180 silly audit   '@babel/helper-validator-option': [ '7.29.7' ],
180 silly audit   '@babel/helpers': [ '7.29.7' ],
180 silly audit   '@babel/parser': [ '7.29.8' ],
180 silly audit   '@babel/template': [ '7.29.7' ],
180 silly audit   '@babel/traverse': [ '7.29.8' ],
180 silly audit   '@babel/types': [ '7.29.8' ],
180 silly audit   '@csstools/convert-colors': [ '2.0.0' ],
180 silly audit   '@emnapi/core': [ '1.10.0' ],
180 silly audit   '@emnapi/runtime': [ '1.11.3', '1.10.0' ],
180 silly audit   '@emnapi/wasi-threads': [ '1.2.1' ],
180 silly audit   '@eslint-community/eslint-utils': [ '4.10.1', '4.9.1' ],
180 silly audit   '@eslint-community/regexpp': [ '4.12.2' ],
180 silly audit   '@humanfs/core': [ '0.19.2' ],
180 silly audit   '@humanfs/node': [ '0.16.8' ],
180 silly audit   '@humanfs/types': [ '0.15.0' ],
180 silly audit   '@humanwhocodes/module-importer': [ '1.0.1' ],
180 silly audit   '@humanwhocodes/retry': [ '0.4.3' ],
180 silly audit   '@img/colour': [ '1.1.0' ],
180 silly audit   '@img/sharp-darwin-arm64': [ '0.35.3' ],
180 silly audit   '@img/sharp-darwin-x64': [ '0.35.3' ],
180 silly audit   '@img/sharp-freebsd-wasm32': [ '0.35.3' ],
180 silly audit   '@img/sharp-libvips-darwin-arm64': [ '1.3.2' ],
180 silly audit   '@img/sharp-libvips-darwin-x64': [ '1.3.2' ],
180 silly audit   '@img/sharp-libvips-linux-arm': [ '1.3.2' ],
180 silly audit   '@img/sharp-libvips-linux-arm64': [ '1.3.2' ],
180 silly audit   '@img/sharp-libvips-linux-ppc64': [ '1.3.2' ],
180 silly audit   '@img/sharp-libvips-linux-riscv64': [ '1.3.2' ],
180 silly audit   '@img/sharp-libvips-linux-s390x': [ '1.3.2' ],
180 silly audit   '@img/sharp-libvips-linux-x64': [ '1.3.2' ],
180 silly audit   '@img/sharp-libvips-linuxmusl-arm64': [ '1.3.2' ],
180 silly audit   '@img/sharp-libvips-linuxmusl-x64': [ '1.3.2' ],
180 silly audit   '@img/sharp-linux-arm': [ '0.35.3' ],
180 silly audit   '@img/sharp-linux-arm64': [ '0.35.3' ],
180 silly audit   '@img/sharp-linux-ppc64': [ '0.35.3' ],
180 silly audit   '@img/sharp-linux-riscv64': [ '0.35.3' ],
180 silly audit   '@img/sharp-linux-s390x': [ '0.35.3' ],
180 silly audit   '@img/sharp-linux-x64': [ '0.35.3' ],
180 silly audit   '@img/sharp-linuxmusl-arm64': [ '0.35.3' ],
180 silly audit   '@img/sharp-linuxmusl-x64': [ '0.35.3' ],
180 silly audit   '@img/sharp-wasm32': [ '0.35.3' ],
180 silly audit   '@img/sharp-webcontainers-wasm32': [ '0.35.3' ],
180 silly audit   '@img/sharp-win32-arm64': [ '0.35.3' ],
180 silly audit   '@img/sharp-win32-ia32': [ '0.35.3' ],
180 silly audit   '@img/sharp-win32-x64': [ '0.35.3' ],
180 silly audit   '@isaacs/cliui': [ '8.0.2' ],
180 silly audit   'ansi-regex': [ '6.0.1', '5.0.1' ],
180 silly audit   'strip-ansi': [ '7.1.0', '6.0.1' ],
180 silly audit   '@jridgewell/gen-mapping': [ '0.3.13' ],
180 silly audit   '@jridgewell/remapping': [ '2.3.5' ],
180 silly audit   '@jridgewell/resolve-uri': [ '3.1.2' ],
180 silly audit   '@jridgewell/sourcemap-codec': [ '1.5.0' ],
180 silly audit   '@jridgewell/trace-mapping': [ '0.3.31' ],
180 silly audit   '@napi-rs/wasm-runtime': [ '1.2.3' ],
180 silly audit   '@next/env': [ '16.3.1' ],
180 silly audit   '@next/eslint-plugin-next': [ '16.3.1' ],
180 silly audit   'fast-glob': [ '3.3.1', '3.3.2' ],
180 silly audit   'glob-parent': [ '5.1.2', '6.0.2' ],
180 silly audit   '@next/swc-darwin-arm64': [ '16.3.1' ],
180 silly audit   '@next/swc-darwin-x64': [ '16.3.1' ],
180 silly audit   '@next/swc-linux-arm64-gnu': [ '16.3.1' ],
180 silly audit   '@next/swc-linux-arm64-musl': [ '16.3.1' ],
180 silly audit   '@next/swc-linux-x64-gnu': [ '16.3.1' ],
180 silly audit   '@next/swc-linux-x64-musl': [ '16.3.1' ],
180 silly audit   '@next/swc-win32-arm64-msvc': [ '16.3.1' ],
180 silly audit   '@next/swc-win32-x64-msvc': [ '16.3.1' ],
180 silly audit   '@nodelib/fs.scandir': [ '2.1.5' ],
180 silly audit   '@nodelib/fs.stat': [ '2.0.5' ],
180 silly audit   '@nodelib/fs.walk': [ '1.2.8' ],
180 silly audit   '@nolyfill/is-core-module': [ '1.0.39' ],
180 silly audit   '@pkgjs/parseargs': [ '0.11.0' ],
180 silly audit   '@radix-ui/primitive': [ '1.1.3' ],
180 silly audit   '@radix-ui/react-collection': [ '1.1.7' ],
180 silly audit   '@radix-ui/react-compose-refs': [ '1.1.2' ],
180 silly audit   '@radix-ui/react-context': [ '1.1.2' ],
180 silly audit   '@radix-ui/react-direction': [ '1.1.1' ],
180 silly audit   '@radix-ui/react-id': [ '1.1.1' ],
180 silly audit   '@radix-ui/react-presence': [ '1.1.5' ],
180 silly audit   '@radix-ui/react-primitive': [ '2.1.3' ],
180 silly audit   '@radix-ui/react-roving-focus': [ '1.1.11' ],
180 silly audit   '@radix-ui/react-slot': [ '1.2.3' ],
180 silly audit   '@radix-ui/react-tabs': [ '1.1.13' ],
180 silly audit   '@radix-ui/react-use-callback-ref': [ '1.1.1' ],
180 silly audit   '@radix-ui/react-use-controllable-state': [ '1.2.2' ],
180 silly audit   '@radix-ui/react-use-effect-event': [ '0.0.2' ],
180 silly audit   '@radix-ui/react-use-layout-effect': [ '1.1.1' ],
180 silly audit   '@rtsao/scc': [ '1.1.0' ],
180 silly audit   '@swc/helpers': [ '0.5.23' ],
180 silly audit   '@tybys/wasm-util': [ '0.10.3' ],
180 silly audit   '@types/debug': [ '4.1.12' ],
180 silly audit   '@types/estree': [ '1.0.8' ],
180 silly audit   '@types/estree-jsx': [ '1.0.5' ],
180 silly audit   '@types/hast': [ '3.0.4' ],
180 silly audit   '@types/json5': [ '0.0.29' ],
180 silly audit   '@types/mdast': [ '4.0.4' ],
180 silly audit   '@types/ms': [ '2.1.0' ],
180 silly audit   '@types/node': [ '20.16.5' ],
180 silly audit   '@types/prop-types': [ '15.7.12' ],
180 silly audit   '@types/react': [ '18.3.5' ],
180 silly audit   '@types/react-dom': [ '18.3.0' ],
180 silly audit   '@types/unist': [ '3.0.3', '2.0.11' ],
180 silly audit   '@typescript-eslint/eslint-plugin': [ '8.67.0' ],
180 silly audit   ignore: [ '7.0.6', '5.3.2' ],
180 silly audit   '@typescript-eslint/parser': [ '8.67.0' ],
180 silly audit   debug: [ '4.4.3', '4.3.7', '3.2.7' ],
180 silly audit   '@typescript-eslint/project-service': [ '8.67.0' ],
180 silly audit   '@typescript-eslint/scope-manager': [ '8.67.0' ],
180 silly audit   '@typescript-eslint/tsconfig-utils': [ '8.67.0' ],
180 silly audit   '@typescript-eslint/type-utils': [ '8.67.0' ],
180 silly audit   '@typescript-eslint/types': [ '8.67.0' ],
180 silly audit   '@typescript-eslint/typescript-estree': [ '8.67.0' ],
180 silly audit   '@typescript-eslint/utils': [ '8.67.0' ],
180 silly audit   '@typescript-eslint/visitor-keys': [ '8.67.0' ],
180 silly audit   'eslint-visitor-keys': [ '5.0.1', '3.4.3', '4.2.1' ],
180 silly audit   '@ungap/structured-clone': [ '1.2.0' ],
180 silly audit   '@unrs/resolver-binding-android-arm-eabi': [ '1.12.2' ],
180 silly audit   '@unrs/resolver-binding-android-arm64': [ '1.12.2' ],
180 silly audit   '@unrs/resolver-binding-darwin-arm64': [ '1.12.2' ],
180 silly audit   '@unrs/resolver-binding-darwin-x64': [ '1.12.2' ],
180 silly audit   '@unrs/resolver-binding-freebsd-x64': [ '1.12.2' ],
180 silly audit   '@unrs/resolver-binding-linux-arm-gnueabihf': [ '1.12.2' ],
180 silly audit   '@unrs/resolver-binding-linux-arm-musleabihf': [ '1.12.2' ],
180 silly audit   '@unrs/resolver-binding-linux-arm64-gnu': [ '1.12.2' ],
180 silly audit   '@unrs/resolver-binding-linux-arm64-musl': [ '1.12.2' ],
180 silly audit   '@unrs/resolver-binding-linux-loong64-gnu': [ '1.12.2' ],
180 silly audit   '@unrs/resolver-binding-linux-loong64-musl': [ '1.12.2' ],
180 silly audit   '@unrs/resolver-binding-linux-ppc64-gnu': [ '1.12.2' ],
180 silly audit   '@unrs/resolver-binding-linux-riscv64-gnu': [ '1.12.2' ],
180 silly audit   '@unrs/resolver-binding-linux-riscv64-musl': [ '1.12.2' ],
180 silly audit   '@unrs/resolver-binding-linux-s390x-gnu': [ '1.12.2' ],
180 silly audit   '@unrs/resolver-binding-linux-x64-gnu': [ '1.12.2' ],
180 silly audit   '@unrs/resolver-binding-linux-x64-musl': [ '1.12.2' ],
180 silly audit   '@unrs/resolver-binding-openharmony-arm64': [ '1.12.2' ],
180 silly audit   '@unrs/resolver-binding-wasm32-wasi': [ '1.12.2' ],
180 silly audit   '@unrs/resolver-binding-win32-arm64-msvc': [ '1.12.2' ],
180 silly audit   '@unrs/resolver-binding-win32-ia32-msvc': [ '1.12.2' ],
180 silly audit   '@unrs/resolver-binding-win32-x64-msvc': [ '1.12.2' ],
180 silly audit   '@vercel/analytics': [ '1.5.0' ],
180 silly audit   ajv: [ '6.15.0' ],
180 silly audit   'ansi-styles': [ '4.3.0', '6.2.1' ],
180 silly audit   'any-promise': [ '1.3.0' ],
180 silly audit   anymatch: [ '3.1.3' ],
180 silly audit   arg: [ '5.0.2' ],
180 silly audit   'aria-query': [ '5.3.2' ],
180 silly audit   'array-buffer-byte-length': [ '1.0.2' ],
180 silly audit   'array-includes': [ '3.1.9' ],
180 silly audit   'array.prototype.findlast': [ '1.2.5' ],
180 silly audit   'array.prototype.findlastindex': [ '1.2.6' ],
180 silly audit   'array.prototype.flat': [ '1.3.3' ],
180 silly audit   'array.prototype.flatmap': [ '1.3.3' ],
180 silly audit   'array.prototype.tosorted': [ '1.1.4' ],
180 silly audit   'arraybuffer.prototype.slice': [ '1.0.4' ],
180 silly audit   'ast-types-flow': [ '0.0.8' ],
180 silly audit   'async-function': [ '1.0.0' ],
180 silly audit   'available-typed-arrays': [ '1.0.7' ],
180 silly audit   'axe-core': [ '4.13.0' ],
180 silly audit   'axobject-query': [ '4.1.0' ],
180 silly audit   bail: [ '2.0.2' ],
180 silly audit   'balanced-match': [ '1.0.2', '4.0.4' ],
180 silly audit   'baseline-browser-mapping': [ '2.11.15' ],
180 silly audit   'binary-extensions': [ '2.3.0' ],
180 silly audit   'brace-expansion': [ '5.0.9', '1.1.18', '2.0.1' ],
180 silly audit   braces: [ '3.0.3' ],
180 silly audit   browserslist: [ '4.28.8' ],
180 silly audit   'call-bind': [ '1.0.9' ],
180 silly audit   'call-bind-apply-helpers': [ '1.0.2' ],
180 silly audit   'call-bound': [ '1.0.4' ],
180 silly audit   'camelcase-css': [ '2.0.1' ],
180 silly audit   'caniuse-lite': [ '1.0.30001809' ],
180 silly audit   ccount: [ '2.0.1' ],
180 silly audit   'character-entities': [ '2.0.2' ],
180 silly audit   'character-entities-html4': [ '2.1.0' ],
180 silly audit   'character-entities-legacy': [ '3.0.0' ],
180 silly audit   'character-reference-invalid': [ '2.0.1' ],
180 silly audit   chokidar: [ '3.6.0' ],
180 silly audit   'class-variance-authority': [ '0.7.0' ],
180 silly audit   clsx: [ '2.0.0', '2.1.1' ],
180 silly audit   'client-only': [ '0.0.1' ],
180 silly audit   'color-convert': [ '2.0.1' ],
180 silly audit   'color-name': [ '1.1.4' ],
180 silly audit   'comma-separated-tokens': [ '2.0.3' ],
180 silly audit   commander: [ '4.1.1' ],
180 silly audit   'concat-map': [ '0.0.1' ],
180 silly audit   'convert-source-map': [ '2.0.0' ],
180 silly audit   'cross-spawn': [ '7.0.6' ],
180 silly audit   cssesc: [ '3.0.0' ],
180 silly audit   csstype: [ '3.1.3' ],
180 silly audit   'damerau-levenshtein': [ '1.0.8' ],
180 silly audit   'data-view-buffer': [ '1.0.2' ],
180 silly audit   'data-view-byte-length': [ '1.0.2' ],
180 silly audit   'data-view-byte-offset': [ '1.0.1' ],
180 silly audit   'decode-named-character-reference': [ '1.3.0' ],
180 silly audit   'deep-is': [ '0.1.4' ],
180 silly audit   'define-data-property': [ '1.1.4' ],
180 silly audit   'define-properties': [ '1.2.1' ],
180 silly audit   dequal: [ '2.0.3' ],
180 silly audit   'detect-libc': [ '2.1.2' ],
180 silly audit   devlop: [ '1.1.0' ],
180 silly audit   didyoumean: [ '1.2.2' ],
180 silly audit   dlv: [ '1.1.3' ],
180 silly audit   doctrine: [ '2.1.0' ],
180 silly audit   'dunder-proto': [ '1.0.1' ],
180 silly audit   eastasianwidth: [ '0.2.0' ],
180 silly audit   'electron-to-chromium': [ '1.5.411' ],
180 silly audit   'emoji-regex': [ '9.2.2', '8.0.0' ],
180 silly audit   'es-abstract': [ '1.24.2' ],
180 silly audit   'es-abstract-get': [ '1.0.0' ],
180 silly audit   'es-define-property': [ '1.0.1' ],
180 silly audit   'es-errors': [ '1.3.0' ],
180 silly audit   'es-iterator-helpers': [ '1.4.0' ],
180 silly audit   'es-object-atoms': [ '1.1.2' ],
180 silly audit   'es-set-tostringtag': [ '2.1.0' ],
180 silly audit   'es-shim-unscopables': [ '1.1.0' ],
180 silly audit   'es-to-primitive': [ '1.3.4' ],
180 silly audit   escalade: [ '3.2.0' ],
180 silly audit   'escape-string-regexp': [ '4.0.0', '5.0.0' ],
180 silly audit   'eslint-config-next': [ '16.3.1' ],
180 silly audit   'eslint-import-resolver-typescript': [ '3.10.1' ],
180 silly audit   'eslint-plugin-import': [ '2.32.0' ],
180 silly audit   'eslint-plugin-jsx-a11y': [ '6.10.2' ],
180 silly audit   'eslint-plugin-react': [ '7.37.5' ],
180 silly audit   minimatch: [ '3.1.5', '9.0.5', '10.2.6' ],
180 silly audit   resolve: [ '2.0.0-next.7', '1.22.8' ],
180 silly audit   'eslint-import-resolver-node': [ '0.3.9' ],
180 silly audit   'eslint-module-utils': [ '2.14.0' ],
180 silly audit   'eslint-plugin-react-hooks': [ '7.1.1' ],
180 silly audit   esprima: [ '4.0.1' ],
180 silly audit   esquery: [ '1.7.0' ],
180 silly audit   estraverse: [ '5.3.0' ],
180 silly audit   'estree-util-is-identifier-name': [ '3.0.0' ],
180 silly audit   esutils: [ '2.0.3' ],
180 silly audit   extend: [ '3.0.2' ],
180 silly audit   'extend-shallow': [ '2.0.1' ],
180 silly audit   'fast-deep-equal': [ '3.1.3' ],
180 silly audit   'fast-json-stable-stringify': [ '2.1.0' ],
180 silly audit   'fast-levenshtein': [ '2.0.6' ],
180 silly audit   fastq: [ '1.17.1' ],
180 silly audit   'file-entry-cache': [ '8.0.0' ],
180 silly audit   'fill-range': [ '7.1.1' ],
180 silly audit   'find-up': [ '5.0.0' ],
180 silly audit   'flat-cache': [ '4.0.1' ],
180 silly audit   flatted: [ '3.4.4' ],
180 silly audit   'for-each': [ '0.3.5' ],
180 silly audit   'foreground-child': [ '3.3.0' ],
180 silly audit   'framer-motion': [ '11.5.4' ],
180 silly audit   fsevents: [ '2.3.3' ],
180 silly audit   'function-bind': [ '1.1.2' ],
180 silly audit   'function.prototype.name': [ '1.2.0' ],
180 silly audit   'functions-have-names': [ '1.2.3' ],
180 silly audit   'generator-function': [ '2.0.1' ],
180 silly audit   gensync: [ '1.0.0-beta.2' ],
180 silly audit   'get-intrinsic': [ '1.3.0' ],
180 silly audit   'get-proto': [ '1.0.1' ],
180 silly audit   'get-symbol-description': [ '1.1.0' ],
180 silly audit   'get-tsconfig': [ '4.14.3' ],
180 silly audit   glob: [ '10.3.10' ],
180 silly audit   globals: [ '16.4.0', '14.0.0' ],
180 silly audit   globalthis: [ '1.0.4' ],
180 silly audit   gopd: [ '1.2.0' ],
180 silly audit   'gray-matter': [ '4.0.3' ],
180 silly audit   argparse: [ '1.0.10', '2.0.1' ],
180 silly audit   'js-yaml': [ '3.14.2', '4.3.1' ],
180 silly audit   'has-bigints': [ '1.0.2' ],
180 silly audit   'has-property-descriptors': [ '1.0.2' ],
180 silly audit   'has-proto': [ '1.2.0' ],
180 silly audit   'has-symbols': [ '1.1.0' ],
180 silly audit   'has-tostringtag': [ '1.0.2' ],
180 silly audit   hasown: [ '2.0.4' ],
180 silly audit   'hast-util-to-jsx-runtime': [ '2.3.6' ],
180 silly audit   'hast-util-whitespace': [ '3.0.0' ],
180 silly audit   'hermes-estree': [ '0.25.1' ],
180 silly audit   'hermes-parser': [ '0.25.1' ],
180 silly audit   'html-url-attributes': [ '3.0.1' ],
180 silly audit   imurmurhash: [ '0.1.4' ],
180 silly audit   'inline-style-parser': [ '0.2.7' ],
180 silly audit   'internal-slot': [ '1.1.0' ],
180 silly audit   'is-alphabetical': [ '2.0.1' ],
180 silly audit   'is-alphanumerical': [ '2.0.1' ],
180 silly audit   'is-array-buffer': [ '3.0.5' ],
180 silly audit   'is-async-function': [ '2.1.1' ],
180 silly audit   'is-bigint': [ '1.1.0' ],
180 silly audit   'is-binary-path': [ '2.1.0' ],
180 silly audit   'is-boolean-object': [ '1.2.2' ],
180 silly audit   'is-bun-module': [ '2.0.0' ],
180 silly audit   'is-callable': [ '1.2.7' ],
180 silly audit   'is-core-module': [ '2.16.2' ],
180 silly audit   'is-data-view': [ '1.0.2' ],
180 silly audit   'is-date-object': [ '1.1.0' ],
180 silly audit   'is-decimal': [ '2.0.1' ],
180 silly audit   'is-document.all': [ '1.0.0' ],
180 silly audit   'is-extendable': [ '0.1.1' ],
180 silly audit   'is-extglob': [ '2.1.1' ],
180 silly audit   'is-finalizationregistry': [ '1.1.1' ],
180 silly audit   'is-fullwidth-code-point': [ '3.0.0' ],
180 silly audit   'is-generator-function': [ '1.1.2' ],
180 silly audit   'is-glob': [ '4.0.3' ],
180 silly audit   'is-hexadecimal': [ '2.0.1' ],
180 silly audit   'is-map': [ '2.0.3' ],
180 silly audit   'is-negative-zero': [ '2.0.3' ],
180 silly audit   'is-number': [ '7.0.0' ],
180 silly audit   'is-number-object': [ '1.1.1' ],
180 silly audit   'is-plain-obj': [ '4.1.0' ],
180 silly audit   'is-regex': [ '1.2.1' ],
180 silly audit   'is-set': [ '2.0.3' ],
180 silly audit   'is-shared-array-buffer': [ '1.0.4' ],
180 silly audit   'is-string': [ '1.1.1' ],
180 silly audit   'is-symbol': [ '1.1.1' ],
180 silly audit   'is-typed-array': [ '1.1.15' ],
180 silly audit   'is-weakmap': [ '2.0.2' ],
180 silly audit   'is-weakref': [ '1.1.1' ],
180 silly audit   'is-weakset': [ '2.0.4' ],
180 silly audit   isarray: [ '2.0.5' ],
180 silly audit   isexe: [ '2.0.0' ],
180 silly audit   'iterator.prototype': [ '1.1.5' ],
180 silly audit   jackspeak: [ '2.3.6' ],
180 silly audit   jiti: [ '1.21.6' ],
180 silly audit   'js-tokens': [ '4.0.0' ],
180 silly audit   jsesc: [ '3.1.0' ],
180 silly audit   'json-buffer': [ '3.0.1' ],
180 silly audit   'json-schema-traverse': [ '0.4.1' ],
180 silly audit   'json-stable-stringify-without-jsonify': [ '1.0.1' ],
180 silly audit   json5: [ '2.2.3', '1.0.2' ],
180 silly audit   'jsx-ast-utils': [ '3.3.5' ],
180 silly audit   keyv: [ '4.5.4' ],
180 silly audit   'kind-of': [ '6.0.3' ],
180 silly audit   'language-subtag-registry': [ '0.3.23' ],
180 silly audit   'language-tags': [ '1.0.9' ],
180 silly audit   levn: [ '0.4.1' ],
180 silly audit   lilconfig: [ '2.1.0', '3.1.2' ],
180 silly audit   'lines-and-columns': [ '1.2.4' ],
180 silly audit   'locate-path': [ '6.0.0' ],
180 silly audit   'longest-streak': [ '3.1.0' ],
180 silly audit   'loose-envify': [ '1.4.0' ],
180 silly audit   'lucide-react': [ '0.439.0' ],
180 silly audit   'markdown-table': [ '3.0.4' ],
180 silly audit   'math-intrinsics': [ '1.1.0' ],
180 silly audit   'mdast-util-find-and-replace': [ '3.0.2' ],
180 silly audit   'mdast-util-from-markdown': [ '2.0.2' ],
180 silly audit   'mdast-util-gfm': [ '3.1.0' ],
180 silly audit   'mdast-util-gfm-autolink-literal': [ '2.0.1' ],
180 silly audit   'mdast-util-gfm-footnote': [ '2.1.0' ],
180 silly audit   'mdast-util-gfm-strikethrough': [ '2.0.0' ],
180 silly audit   'mdast-util-gfm-table': [ '2.0.0' ],
180 silly audit   'mdast-util-gfm-task-list-item': [ '2.0.0' ],
180 silly audit   'mdast-util-mdx-expression': [ '2.0.1' ],
180 silly audit   'mdast-util-mdx-jsx': [ '3.2.0' ],
180 silly audit   'mdast-util-mdxjs-esm': [ '2.0.1' ],
180 silly audit   'mdast-util-phrasing': [ '4.1.0' ],
180 silly audit   'mdast-util-to-hast': [ '13.2.1' ],
180 silly audit   'mdast-util-to-markdown': [ '2.1.2' ],
180 silly audit   'mdast-util-to-string': [ '4.0.0' ],
180 silly audit   merge2: [ '1.4.1' ],
180 silly audit   micromark: [ '4.0.2' ],
180 silly audit   'micromark-core-commonmark': [ '2.0.3' ],
180 silly audit   'micromark-extension-gfm': [ '3.0.0' ],
180 silly audit   'micromark-extension-gfm-autolink-literal': [ '2.1.0' ],
180 silly audit   'micromark-extension-gfm-footnote': [ '2.1.0' ],
180 silly audit   'micromark-extension-gfm-strikethrough': [ '2.1.0' ],
180 silly audit   'micromark-extension-gfm-table': [ '2.1.1' ],
180 silly audit   'micromark-extension-gfm-tagfilter': [ '2.0.0' ],
180 silly audit   'micromark-extension-gfm-task-list-item': [ '2.1.0' ],
180 silly audit   'micromark-factory-destination': [ '2.0.1' ],
180 silly audit   'micromark-factory-label': [ '2.0.1' ],
180 silly audit   'micromark-factory-space': [ '2.0.1' ],
180 silly audit   'micromark-factory-title': [ '2.0.1' ],
180 silly audit   'micromark-factory-whitespace': [ '2.0.1' ],
180 silly audit   'micromark-util-character': [ '2.1.1' ],
180 silly audit   'micromark-util-chunked': [ '2.0.1' ],
180 silly audit   'micromark-util-classify-character': [ '2.0.1' ],
180 silly audit   'micromark-util-combine-extensions': [ '2.0.1' ],
180 silly audit   'micromark-util-decode-numeric-character-reference': [ '2.0.2' ],
180 silly audit   'micromark-util-decode-string': [ '2.0.1' ],
180 silly audit   'micromark-util-encode': [ '2.0.1' ],
180 silly audit   'micromark-util-html-tag-name': [ '2.0.1' ],
180 silly audit   'micromark-util-normalize-identifier': [ '2.0.1' ],
180 silly audit   'micromark-util-resolve-all': [ '2.0.1' ],
180 silly audit   'micromark-util-sanitize-uri': [ '2.0.1' ],
180 silly audit   'micromark-util-subtokenize': [ '2.1.0' ],
180 silly audit   'micromark-util-symbol': [ '2.0.1' ],
180 silly audit   'micromark-util-types': [ '2.0.2' ],
180 silly audit   micromatch: [ '4.0.8' ],
180 silly audit   minimist: [ '1.2.8' ],
180 silly audit   minipass: [ '7.1.2' ],
180 silly audit   ms: [ '2.1.3' ],
180 silly audit   mz: [ '2.7.0' ],
180 silly audit   nanoid: [ '3.3.18' ],
180 silly audit   'napi-postinstall': [ '0.3.4' ],
180 silly audit   'natural-compare': [ '1.4.0' ],
180 silly audit   next: [ '16.3.1' ],
180 silly audit   'next-themes': [ '0.3.0' ],
180 silly audit   'node-exports-info': [ '1.6.2' ],
180 silly audit   'node-releases': [ '2.0.53' ],
180 silly audit   'normalize-path': [ '3.0.0' ],
180 silly audit   'object-assign': [ '4.1.1' ],
180 silly audit   'object-hash': [ '3.0.0' ],
180 silly audit   'object-inspect': [ '1.13.4' ],
180 silly audit   'object-keys': [ '1.1.1' ],
180 silly audit   'object.assign': [ '4.1.7' ],
180 silly audit   'object.entries': [ '1.1.9' ],
180 silly audit   'object.fromentries': [ '2.0.8' ],
180 silly audit   'object.groupby': [ '1.0.3' ],
180 silly audit   'object.values': [ '1.2.1' ],
180 silly audit   optionator: [ '0.9.4' ],
180 silly audit   'own-keys': [ '1.0.2' ],
180 silly audit   'p-limit': [ '3.1.0' ],
180 silly audit   'p-locate': [ '5.0.0' ],
180 silly audit   'parse-entities': [ '4.0.2' ],
180 silly audit   'path-exists': [ '4.0.0' ],
180 silly audit   'path-key': [ '3.1.1' ],
180 silly audit   'path-parse': [ '1.0.7' ],
180 silly audit   'path-scurry': [ '1.11.1' ],
180 silly audit   picocolors: [ '1.1.1' ],
180 silly audit   picomatch: [ '2.3.1', '4.0.5' ],
180 silly audit   pify: [ '2.3.0' ],
180 silly audit   pirates: [ '4.0.6' ],
180 silly audit   'possible-typed-array-names': [ '1.1.0' ],
180 silly audit   postcss: [ '8.5.23' ],
180 silly audit   'postcss-import': [ '15.1.0' ],
180 silly audit   'postcss-js': [ '4.0.1' ],
180 silly audit   'postcss-load-config': [ '4.0.2' ],
180 silly audit   'postcss-nested': [ '6.2.0' ],
180 silly audit   'postcss-selector-parser': [ '6.1.2' ],
180 silly audit   'postcss-value-parser': [ '4.2.0' ],
180 silly audit   'prelude-ls': [ '1.2.1' ],
180 silly audit   'prop-types': [ '15.8.1' ],
180 silly audit   'property-information': [ '7.1.0' ],
180 silly audit   punycode: [ '2.3.1' ],
180 silly audit   'queue-microtask': [ '1.2.3' ],
180 silly audit   react: [ '18.3.1' ],
180 silly audit   'react-dom': [ '18.3.1' ],
180 silly audit   'react-icon-cloud': [ '4.1.4' ],
180 silly audit   'react-icons': [ '5.3.0' ],
180 silly audit   'react-is': [ '16.13.1' ],
180 silly audit   'react-markdown': [ '10.1.0' ],
180 silly audit   'react-tweet': [ '3.2.1' ],
180 silly audit   'read-cache': [ '1.0.0' ],
180 silly audit   readdirp: [ '3.6.0' ],
180 silly audit   'reflect.getprototypeof': [ '1.0.10' ],
180 silly audit   'regexp.prototype.flags': [ '1.5.4' ],
180 silly audit   'remark-gfm': [ '4.0.1' ],
180 silly audit   'remark-parse': [ '11.0.0' ],
180 silly audit   'remark-rehype': [ '11.1.2' ],
180 silly audit   'remark-stringify': [ '11.0.0' ],
180 silly audit   'resolve-pkg-maps': [ '1.0.0' ],
180 silly audit   reusify: [ '1.0.4' ],
180 silly audit   'run-parallel': [ '1.2.0' ],
180 silly audit   'safe-array-concat': [ '1.1.4' ],
180 silly audit   'safe-push-apply': [ '1.0.0' ],
180 silly audit   'safe-regex-test': [ '1.1.0' ],
180 silly audit   scheduler: [ '0.23.2' ],
180 silly audit   'section-matter': [ '1.0.0' ],
180 silly audit   'set-function-length': [ '1.2.2' ],
180 silly audit   'set-function-name': [ '2.0.2' ],
180 silly audit   'set-proto': [ '1.0.0' ],
180 silly audit   sharp: [ '0.35.3' ],
180 silly audit   'shebang-command': [ '2.0.0' ],
180 silly audit   'shebang-regex': [ '3.0.0' ],
180 silly audit   'side-channel': [ '1.1.1' ],
180 silly audit   'side-channel-list': [ '1.0.1' ],
180 silly audit   'side-channel-map': [ '1.0.1' ],
180 silly audit   'side-channel-weakmap': [ '1.0.2' ],
180 silly audit   'signal-exit': [ '4.1.0' ],
180 silly audit   sonner: [ '1.5.0' ],
180 silly audit   'source-map-js': [ '1.2.1' ],
180 silly audit   'space-separated-tokens': [ '2.0.2' ],
180 silly audit   'sprintf-js': [ '1.0.3' ],
180 silly audit   'stable-hash': [ '0.0.5' ],
180 silly audit   'stop-iteration-iterator': [ '1.1.0' ],
180 silly audit   'string-width': [ '5.1.2', '4.2.3' ],
180 silly audit   'string.prototype.includes': [ '2.0.1' ],
180 silly audit   'string.prototype.matchall': [ '4.0.12' ],
180 silly audit   'string.prototype.repeat': [ '1.0.0' ],
180 silly audit   'string.prototype.trim': [ '1.2.11' ],
180 silly audit   'string.prototype.trimend': [ '1.0.10' ],
180 silly audit   'string.prototype.trimstart': [ '1.0.8' ],
180 silly audit   'stringify-entities': [ '4.0.4' ],
180 silly audit   'strip-bom': [ '3.0.0' ],
180 silly audit   'strip-bom-string': [ '1.0.0' ],
180 silly audit   'style-to-js': [ '1.1.21' ],
180 silly audit   'style-to-object': [ '1.0.14' ],
180 silly audit   'styled-jsx': [ '5.1.6' ],
180 silly audit   sucrase: [ '3.35.0' ],
180 silly audit   'supports-preserve-symlinks-flag': [ '1.0.0' ],
180 silly audit   swr: [ '2.2.5' ],
180 silly audit   'tailwind-merge': [ '2.5.2' ],
180 silly audit   tailwindcss: [ '3.4.10' ],
180 silly audit   'tailwindcss-animate': [ '1.0.7' ],
180 silly audit   thenify: [ '3.3.1' ],
180 silly audit   'thenify-all': [ '1.6.0' ],
180 silly audit   tinyglobby: [ '0.2.17' ],
180 silly audit   fdir: [ '6.5.0' ],
180 silly audit   'to-regex-range': [ '5.0.1' ],
180 silly audit   'trim-lines': [ '3.0.1' ],
180 silly audit   trough: [ '2.2.0' ],
180 silly audit   'ts-api-utils': [ '2.5.0' ],
180 silly audit   'ts-interface-checker': [ '0.1.13' ],
180 silly audit   'tsconfig-paths': [ '3.15.0' ],
180 silly audit   tslib: [ '2.8.1' ],
180 silly audit   'type-check': [ '0.4.0' ],
180 silly audit   'typed-array-buffer': [ '1.0.3' ],
180 silly audit   'typed-array-byte-length': [ '1.0.3' ],
180 silly audit   'typed-array-byte-offset': [ '1.0.4' ],
180 silly audit   'typed-array-length': [ '1.0.8' ],
180 silly audit   typescript: [ '5.5.4' ],
180 silly audit   'typescript-eslint': [ '8.67.0' ],
180 silly audit   'unbox-primitive': [ '1.1.0' ],
180 silly audit   'undici-types': [ '6.19.8' ],
180 silly audit   unified: [ '11.0.5' ],
180 silly audit   'unist-util-is': [ '6.0.1' ],
180 silly audit   'unist-util-position': [ '5.0.0' ],
180 silly audit   'unist-util-stringify-position': [ '4.0.0' ],
180 silly audit   'unist-util-visit': [ '5.1.0' ],
180 silly audit   'unist-util-visit-parents': [ '6.0.2' ],
180 silly audit   'unrs-resolver': [ '1.12.2' ],
180 silly audit   'update-browserslist-db': [ '1.3.1' ],
180 silly audit   'uri-js': [ '4.4.1' ],
180 silly audit   'use-sync-external-store': [ '1.2.2' ],
180 silly audit   'util-deprecate': [ '1.0.2' ],
180 silly audit   vfile: [ '6.0.3' ],
180 silly audit   'vfile-message': [ '4.0.3' ],
180 silly audit   which: [ '2.0.2' ],
180 silly audit   'which-boxed-primitive': [ '1.1.1' ],
180 silly audit   'which-builtin-type': [ '1.2.1' ],
180 silly audit   'which-collection': [ '1.0.2' ],
180 silly audit   'which-typed-array': [ '1.1.22' ],
180 silly audit   'word-wrap': [ '1.2.5' ],
180 silly audit   'wrap-ansi': [ '8.1.0', '7.0.0' ],
180 silly audit   yallist: [ '3.1.1' ],
180 silly audit   yaml: [ '2.5.1' ],
180 silly audit   'yocto-queue': [ '0.1.0' ],
180 silly audit   zod: [ '4.4.3' ],
180 silly audit   'zod-validation-error': [ '4.0.2' ],
180 silly audit   zwitch: [ '2.0.4' ],
180 silly audit   eslint: [ '9.39.5' ],
180 silly audit   '@eslint/config-array': [ '0.21.2' ],
180 silly audit   '@eslint/config-helpers': [ '0.4.2' ],
180 silly audit   '@eslint/core': [ '0.17.0' ],
180 silly audit   '@eslint/eslintrc': [ '3.3.6' ],
180 silly audit   '@eslint/js': [ '9.39.5' ],
180 silly audit   '@eslint/plugin-kit': [ '0.4.1' ],
180 silly audit   chalk: [ '4.1.2' ],
180 silly audit   'eslint-scope': [ '8.4.0' ],
180 silly audit   espree: [ '10.4.0' ],
180 silly audit   'lodash.merge': [ '4.6.2' ],
180 silly audit   '@eslint/object-schema': [ '2.1.7' ],
180 silly audit   '@types/json-schema': [ '7.0.15' ],
180 silly audit   'import-fresh': [ '3.3.1' ],
180 silly audit   'strip-json-comments': [ '3.1.1' ],
180 silly audit   'supports-color': [ '7.2.0' ],
180 silly audit   esrecurse: [ '4.3.0' ],
180 silly audit   acorn: [ '8.18.0' ],
180 silly audit   'acorn-jsx': [ '5.3.2' ],
180 silly audit   'parent-module': [ '1.0.1' ],
180 silly audit   'resolve-from': [ '4.0.0' ],
180 silly audit   callsites: [ '3.1.0' ],
180 silly audit   'has-flag': [ '4.0.0' ]
180 silly audit }
181 http cache has-flag@https://registry.npmjs.org/has-flag/-/has-flag-4.0.0.tgz 0ms (cache hit)
182 http cache argparse@https://registry.npmjs.org/argparse/-/argparse-2.0.1.tgz 0ms (cache hit)
183 http cache callsites@https://registry.npmjs.org/callsites/-/callsites-3.1.0.tgz 0ms (cache hit)
184 http cache parent-module@https://registry.npmjs.org/parent-module/-/parent-module-1.0.1.tgz 0ms (cache hit)
185 http cache resolve-from@https://registry.npmjs.org/resolve-from/-/resolve-from-4.0.0.tgz 0ms (cache hit)
186 http cache supports-color@https://registry.npmjs.org/supports-color/-/supports-color-7.2.0.tgz 0ms (cache hit)
187 http cache strip-json-comments@https://registry.npmjs.org/strip-json-comments/-/strip-json-comments-3.1.1.tgz 0ms (cache hit)
188 http cache js-yaml@https://registry.npmjs.org/js-yaml/-/js-yaml-4.3.1.tgz 0ms (cache hit)
189 http cache import-fresh@https://registry.npmjs.org/import-fresh/-/import-fresh-3.3.1.tgz 0ms (cache hit)
190 http cache lodash.merge@https://registry.npmjs.org/lodash.merge/-/lodash.merge-4.6.2.tgz 0ms (cache hit)
191 http cache chalk@https://registry.npmjs.org/chalk/-/chalk-4.1.2.tgz 0ms (cache hit)
192 http cache @eslint/js@https://registry.npmjs.org/@eslint/js/-/js-9.39.5.tgz 0ms (cache hit)
193 http cache @eslint/eslintrc@https://registry.npmjs.org/@eslint/eslintrc/-/eslintrc-3.3.6.tgz 0ms (cache hit)
194 http cache espree@https://registry.npmjs.org/espree/-/espree-10.4.0.tgz 0ms (cache hit)
195 http cache eslint-scope@https://registry.npmjs.org/eslint-scope/-/eslint-scope-8.4.0.tgz 0ms (cache hit)
196 http cache eslint@https://registry.npmjs.org/eslint/-/eslint-9.39.5.tgz 0ms (cache hit)
197 http cache @eslint/plugin-kit@https://registry.npmjs.org/@eslint/plugin-kit/-/plugin-kit-0.4.1.tgz 0ms (cache hit)
198 http cache @eslint/core@https://registry.npmjs.org/@eslint/core/-/core-0.17.0.tgz 0ms (cache hit)
199 http cache @eslint/config-helpers@https://registry.npmjs.org/@eslint/config-helpers/-/config-helpers-0.4.2.tgz 0ms (cache hit)
200 http cache @eslint/config-array@https://registry.npmjs.org/@eslint/config-array/-/config-array-0.21.2.tgz 0ms (cache hit)
201 http cache minimatch@https://registry.npmjs.org/minimatch/-/minimatch-3.1.5.tgz 0ms (cache hit)
202 http cache globals@https://registry.npmjs.org/globals/-/globals-14.0.0.tgz 0ms (cache hit)
203 http cache brace-expansion@https://registry.npmjs.org/brace-expansion/-/brace-expansion-1.1.18.tgz 0ms (cache hit)
204 http cache eslint-visitor-keys@https://registry.npmjs.org/eslint-visitor-keys/-/eslint-visitor-keys-4.2.1.tgz 0ms (cache hit)
205 http cache brace-expansion@https://registry.npmjs.org/brace-expansion/-/brace-expansion-1.1.18.tgz 0ms (cache hit)
206 http cache minimatch@https://registry.npmjs.org/minimatch/-/minimatch-3.1.5.tgz 0ms (cache hit)
207 http cache eslint-visitor-keys@https://registry.npmjs.org/eslint-visitor-keys/-/eslint-visitor-keys-4.2.1.tgz 0ms (cache hit)
208 http cache brace-expansion@https://registry.npmjs.org/brace-expansion/-/brace-expansion-1.1.18.tgz 0ms (cache hit)
209 http cache minimatch@https://registry.npmjs.org/minimatch/-/minimatch-3.1.5.tgz 0ms (cache hit)
210 http cache @eslint/object-schema@https://registry.npmjs.org/@eslint/object-schema/-/object-schema-2.1.7.tgz 0ms (cache hit)
211 silly tarball no local data for has-flag@https://registry.npmjs.org/has-flag/-/has-flag-4.0.0.tgz. Extracting by manifest.
212 silly tarball no local data for argparse@https://registry.npmjs.org/argparse/-/argparse-2.0.1.tgz. Extracting by manifest.
213 silly tarball no local data for callsites@https://registry.npmjs.org/callsites/-/callsites-3.1.0.tgz. Extracting by manifest.
214 silly tarball no local data for parent-module@https://registry.npmjs.org/parent-module/-/parent-module-1.0.1.tgz. Extracting by manifest.
215 silly tarball no local data for resolve-from@https://registry.npmjs.org/resolve-from/-/resolve-from-4.0.0.tgz. Extracting by manifest.
216 silly tarball no local data for supports-color@https://registry.npmjs.org/supports-color/-/supports-color-7.2.0.tgz. Extracting by manifest.
217 silly tarball no local data for strip-json-comments@https://registry.npmjs.org/strip-json-comments/-/strip-json-comments-3.1.1.tgz. Extracting by manifest.
218 silly tarball no local data for js-yaml@https://registry.npmjs.org/js-yaml/-/js-yaml-4.3.1.tgz. Extracting by manifest.
219 silly tarball no local data for import-fresh@https://registry.npmjs.org/import-fresh/-/import-fresh-3.3.1.tgz. Extracting by manifest.
220 silly tarball no local data for lodash.merge@https://registry.npmjs.org/lodash.merge/-/lodash.merge-4.6.2.tgz. Extracting by manifest.
221 silly tarball no local data for chalk@https://registry.npmjs.org/chalk/-/chalk-4.1.2.tgz. Extracting by manifest.
222 silly tarball no local data for @eslint/js@https://registry.npmjs.org/@eslint/js/-/js-9.39.5.tgz. Extracting by manifest.
223 silly tarball no local data for @eslint/eslintrc@https://registry.npmjs.org/@eslint/eslintrc/-/eslintrc-3.3.6.tgz. Extracting by manifest.
224 silly tarball no local data for espree@https://registry.npmjs.org/espree/-/espree-10.4.0.tgz. Extracting by manifest.
225 silly tarball no local data for eslint-scope@https://registry.npmjs.org/eslint-scope/-/eslint-scope-8.4.0.tgz. Extracting by manifest.
226 silly tarball no local data for eslint@https://registry.npmjs.org/eslint/-/eslint-9.39.5.tgz. Extracting by manifest.
227 silly tarball no local data for @eslint/plugin-kit@https://registry.npmjs.org/@eslint/plugin-kit/-/plugin-kit-0.4.1.tgz. Extracting by manifest.
228 silly tarball no local data for @eslint/core@https://registry.npmjs.org/@eslint/core/-/core-0.17.0.tgz. Extracting by manifest.
229 silly tarball no local data for @eslint/config-helpers@https://registry.npmjs.org/@eslint/config-helpers/-/config-helpers-0.4.2.tgz. Extracting by manifest.
230 silly tarball no local data for @eslint/config-array@https://registry.npmjs.org/@eslint/config-array/-/config-array-0.21.2.tgz. Extracting by manifest.
231 silly tarball no local data for globals@https://registry.npmjs.org/globals/-/globals-14.0.0.tgz. Extracting by manifest.
232 silly tarball no local data for eslint-visitor-keys@https://registry.npmjs.org/eslint-visitor-keys/-/eslint-visitor-keys-4.2.1.tgz. Extracting by manifest.
233 silly tarball no local data for eslint-visitor-keys@https://registry.npmjs.org/eslint-visitor-keys/-/eslint-visitor-keys-4.2.1.tgz. Extracting by manifest.
234 silly tarball no local data for @eslint/object-schema@https://registry.npmjs.org/@eslint/object-schema/-/object-schema-2.1.7.tgz. Extracting by manifest.
235 http fetch GET 200 https://registry.npmjs.org/callsites/-/callsites-3.1.0.tgz 71ms (cache miss)
236 http fetch GET 200 https://registry.npmjs.org/has-flag/-/has-flag-4.0.0.tgz 81ms (cache miss)
237 http fetch GET 200 https://registry.npmjs.org/argparse/-/argparse-2.0.1.tgz 83ms (cache miss)
238 http fetch GET 200 https://registry.npmjs.org/eslint-scope/-/eslint-scope-8.4.0.tgz 141ms (cache miss)
239 http fetch GET 200 https://registry.npmjs.org/@eslint/plugin-kit/-/plugin-kit-0.4.1.tgz 155ms (cache miss)
240 http fetch GET 200 https://registry.npmjs.org/@eslint/core/-/core-0.17.0.tgz 209ms (cache miss)
241 http fetch GET 200 https://registry.npmjs.org/resolve-from/-/resolve-from-4.0.0.tgz 210ms (cache miss)
242 http fetch GET 200 https://registry.npmjs.org/@eslint/config-helpers/-/config-helpers-0.4.2.tgz 223ms (cache miss)
243 http fetch GET 200 https://registry.npmjs.org/espree/-/espree-10.4.0.tgz 237ms (cache miss)
244 http fetch GET 200 https://registry.npmjs.org/parent-module/-/parent-module-1.0.1.tgz 240ms (cache miss)
245 http fetch GET 200 https://registry.npmjs.org/lodash.merge/-/lodash.merge-4.6.2.tgz 246ms (cache miss)
246 http fetch GET 200 https://registry.npmjs.org/strip-json-comments/-/strip-json-comments-3.1.1.tgz 246ms (cache miss)
247 http fetch GET 200 https://registry.npmjs.org/@eslint/js/-/js-9.39.5.tgz 250ms (cache miss)
248 http fetch GET 200 https://registry.npmjs.org/supports-color/-/supports-color-7.2.0.tgz 258ms (cache miss)
249 http fetch GET 200 https://registry.npmjs.org/chalk/-/chalk-4.1.2.tgz 258ms (cache miss)
250 http fetch GET 200 https://registry.npmjs.org/import-fresh/-/import-fresh-3.3.1.tgz 265ms (cache miss)
251 http fetch GET 200 https://registry.npmjs.org/globals/-/globals-14.0.0.tgz 269ms (cache miss)
252 http fetch GET 200 https://registry.npmjs.org/eslint-visitor-keys/-/eslint-visitor-keys-4.2.1.tgz 292ms (cache miss)
253 http fetch GET 200 https://registry.npmjs.org/@eslint/config-array/-/config-array-0.21.2.tgz 300ms (cache miss)
254 http fetch GET 200 https://registry.npmjs.org/eslint-visitor-keys/-/eslint-visitor-keys-4.2.1.tgz 301ms (cache miss)
255 http fetch POST 200 https://registry.npmjs.org/-/npm/v1/security/advisories/bulk 320ms
256 silly audit report {
256 silly audit report   'brace-expansion': [
256 silly audit report     {
256 silly audit report       id: 1105444,
256 silly audit report       url: 'https://github.com/advisories/GHSA-v6h2-p8h4-qcjw',
256 silly audit report       title: 'brace-expansion Regular Expression Denial of Service vulnerability',
256 silly audit report       severity: 'low',
256 silly audit report       vulnerable_versions: '>=2.0.0 <=2.0.1',
256 silly audit report       cwe: [Array],
256 silly audit report       cvss: [Object]
256 silly audit report     },
256 silly audit report     {
256 silly audit report       id: 1130589,
256 silly audit report       url: 'https://github.com/advisories/GHSA-mh99-v99m-4gvg',
256 silly audit report       title: 'brace-expansion: DoS via unbounded expansion length causing an out-of-memory process crash',
256 silly audit report       severity: 'high',
256 silly audit report       vulnerable_versions: '>=2.0.0 <2.1.3',
256 silly audit report       cwe: [Array],
256 silly audit report       cvss: [Object]
256 silly audit report     },
256 silly audit report     {
256 silly audit report       id: 1130736,
256 silly audit report       url: 'https://github.com/advisories/GHSA-rgw5-rvv9-x895',
256 silly audit report       title: 'brace-expansion: DoS via unbounded intermediate arrays, bypassing the CVE-2026-14257 mitigation',
256 silly audit report       severity: 'high',
256 silly audit report       vulnerable_versions: '>=2.0.0 <2.1.4',
256 silly audit report       cwe: [Array],
256 silly audit report       cvss: [Object]
256 silly audit report     },
256 silly audit report     {
256 silly audit report       id: 1115541,
256 silly audit report       url: 'https://github.com/advisories/GHSA-f886-m6hf-6m8v',
256 silly audit report       title: 'brace-expansion: Zero-step sequence causes process hang and memory exhaustion',
256 silly audit report       severity: 'moderate',
256 silly audit report       vulnerable_versions: '>=2.0.0 <2.0.3',
256 silly audit report       cwe: [Array],
256 silly audit report       cvss: [Object]
256 silly audit report     },
256 silly audit report     {
256 silly audit report       id: 1123896,
256 silly audit report       url: 'https://github.com/advisories/GHSA-3jxr-9vmj-r5cp',
256 silly audit report       title: 'brace-expansion: DoS via exponential-time expansion of consecutive non-expanding {} groups',
256 silly audit report       severity: 'high',
256 silly audit report       vulnerable_versions: '>=2.0.0 <2.1.2',
256 silly audit report       cwe: [Array],
256 silly audit report       cvss: [Object]
256 silly audit report     }
256 silly audit report   ],
256 silly audit report   minimatch: [
256 silly audit report     {
256 silly audit report       id: 1113465,
256 silly audit report       url: 'https://github.com/advisories/GHSA-3ppc-4f35-3m26',
256 silly audit report       title: 'minimatch has a ReDoS via repeated wildcards with non-matching literal in pattern',
256 silly audit report       severity: 'high',
256 silly audit report       vulnerable_versions: '>=9.0.0 <9.0.6',
256 silly audit report       cwe: [Array],
256 silly audit report       cvss: [Object]
256 silly audit report     },
256 silly audit report     {
256 silly audit report       id: 1113544,
256 silly audit report       url: 'https://github.com/advisories/GHSA-7r86-cg39-jmmj',
256 silly audit report       title: 'minimatch has ReDoS: matchOne() combinatorial backtracking via multiple non-adjacent GLOBSTAR segments',
256 silly audit report       severity: 'high',
256 silly audit report       vulnerable_versions: '>=9.0.0 <9.0.7',
256 silly audit report       cwe: [Array],
256 silly audit report       cvss: [Object]
256 silly audit report     },
256 silly audit report     {
256 silly audit report       id: 1113552,
256 silly audit report       url: 'https://github.com/advisories/GHSA-23c5-xmqv-rm74',
256 silly audit report       title: 'minimatch ReDoS: nested *() extglobs generate catastrophically backtracking regular expressions',
256 silly audit report       severity: 'high',
256 silly audit report       vulnerable_versions: '>=9.0.0 <9.0.7',
256 silly audit report       cwe: [Array],
256 silly audit report       cvss: [Object]
256 silly audit report     }
256 silly audit report   ],
256 silly audit report   glob: [
256 silly audit report     {
256 silly audit report       id: 1109842,
256 silly audit report       url: 'https://github.com/advisories/GHSA-5j98-mcp5-4vw2',
256 silly audit report       title: 'glob CLI: Command injection via -c/--cmd executes matches with shell:true',
256 silly audit report       severity: 'high',
256 silly audit report       vulnerable_versions: '>=10.2.0 <10.5.0',
256 silly audit report       cwe: [Array],
256 silly audit report       cvss: [Object]
256 silly audit report     }
256 silly audit report   ],
256 silly audit report   'js-yaml': [
256 silly audit report     {
256 silly audit report       id: 1121859,
256 silly audit report       url: 'https://github.com/advisories/GHSA-h67p-54hq-rp68',
256 silly audit report       title: 'JS-YAML: Quadratic-complexity DoS in merge key handling via repeated aliases',
256 silly audit report       severity: 'moderate',
256 silly audit report       vulnerable_versions: '<3.15.0',
256 silly audit report       cwe: [Array],
256 silly audit report       cvss: [Object]
256 silly audit report     },
256 silly audit report     {
256 silly audit report       id: 1123912,
256 silly audit report       url: 'https://github.com/advisories/GHSA-52cp-r559-cp3m',
256 silly audit report       title: 'js-yaml: YAML merge-key chains can force quadratic CPU consumption',
256 silly audit report       severity: 'high',
256 silly audit report       vulnerable_versions: '>=3.0.0 <3.15.0',
256 silly audit report       cwe: [Array],
256 silly audit report       cvss: [Object]
256 silly audit report     },
256 silly audit report     {
256 silly audit report       id: 1138114,
256 silly audit report       url: 'https://github.com/advisories/GHSA-5p4m-2wfm-xmqj',
256 silly audit report       title: 'JS-YAML: Quadratic CPU consumption in !!omap resolution (3.x and 4.x) — CVE-2026-59870 fix not backported',
256 silly audit report       severity: 'high',
256 silly audit report       vulnerable_versions: '>=3.0.0 <3.15.1',
256 silly audit report       cwe: [Array],
256 silly audit report       cvss: [Object]
256 silly audit report     }
256 silly audit report   ],
256 silly audit report   picomatch: [
256 silly audit report     {
256 silly audit report       id: 1115549,
256 silly audit report       url: 'https://github.com/advisories/GHSA-3v7f-55p6-f55p',
256 silly audit report       title: 'Picomatch: Method Injection in POSIX Character Classes causes incorrect Glob Matching',
256 silly audit report       severity: 'moderate',
256 silly audit report       vulnerable_versions: '<2.3.2',
256 silly audit report       cwe: [Array],
256 silly audit report       cvss: [Object]
256 silly audit report     },
256 silly audit report     {
256 silly audit report       id: 1115552,
256 silly audit report       url: 'https://github.com/advisories/GHSA-c2c7-rcm5-vvqj',
256 silly audit report       title: 'Picomatch has a ReDoS vulnerability via extglob quantifiers',
256 silly audit report       severity: 'high',
256 silly audit report       vulnerable_versions: '<2.3.2',
256 silly audit report       cwe: [Array],
256 silly audit report       cvss: [Object]
256 silly audit report     }
256 silly audit report   ],
256 silly audit report   yaml: [
256 silly audit report     {
256 silly audit report       id: 1115556,
256 silly audit report       url: 'https://github.com/advisories/GHSA-48c2-rrv3-qjmp',
256 silly audit report       title: 'yaml is vulnerable to Stack Overflow via deeply nested YAML collections',
256 silly audit report       severity: 'moderate',
256 silly audit report       vulnerable_versions: '>=2.0.0 <2.8.3',
256 silly audit report       cwe: [Array],
256 silly audit report       cvss: [Object]
256 silly audit report     }
256 silly audit report   ]
256 silly audit report }
257 silly packumentCache corgi:https://registry.npmjs.org/brace-expansion cache-miss
258 silly packumentCache corgi:https://registry.npmjs.org/minimatch cache-miss
259 silly packumentCache corgi:https://registry.npmjs.org/glob cache-miss
260 silly packumentCache corgi:https://registry.npmjs.org/js-yaml cache-miss
261 silly packumentCache corgi:https://registry.npmjs.org/picomatch cache-miss
262 silly packumentCache corgi:https://registry.npmjs.org/yaml cache-miss
263 http cache https://registry.npmjs.org/brace-expansion 6ms (cache hit)
264 silly packumentCache corgi:https://registry.npmjs.org/brace-expansion set size:34964 disposed:false
265 http cache https://registry.npmjs.org/glob 8ms (cache hit)
266 silly packumentCache corgi:https://registry.npmjs.org/glob set size:199194 disposed:false
267 http cache https://registry.npmjs.org/minimatch 9ms (cache hit)
268 silly packumentCache corgi:https://registry.npmjs.org/minimatch set size:169442 disposed:false
269 http cache https://registry.npmjs.org/js-yaml 10ms (cache hit)
270 silly packumentCache corgi:https://registry.npmjs.org/js-yaml set size:71843 disposed:false
271 http cache https://registry.npmjs.org/picomatch 12ms (cache hit)
272 silly packumentCache corgi:https://registry.npmjs.org/picomatch set size:45123 disposed:false
273 http cache https://registry.npmjs.org/yaml 12ms (cache hit)
274 silly packumentCache corgi:https://registry.npmjs.org/yaml set size:163878 disposed:false
275 silly packumentCache corgi:https://registry.npmjs.org/sucrase cache-miss
276 http cache https://registry.npmjs.org/sucrase 3ms (cache hit)
277 silly packumentCache corgi:https://registry.npmjs.org/sucrase set size:163085 disposed:false
278 silly packumentCache corgi:https://registry.npmjs.org/gray-matter cache-miss
279 http cache https://registry.npmjs.org/gray-matter 1ms (cache hit)
280 silly packumentCache corgi:https://registry.npmjs.org/gray-matter set size:48511 disposed:false
281 silly packumentCache corgi:https://registry.npmjs.org/anymatch cache-miss
282 silly packumentCache corgi:https://registry.npmjs.org/micromatch cache-miss
283 silly packumentCache corgi:https://registry.npmjs.org/readdirp cache-miss
284 http cache https://registry.npmjs.org/anymatch 2ms (cache hit)
285 silly packumentCache corgi:https://registry.npmjs.org/anymatch set size:18345 disposed:false
286 http cache https://registry.npmjs.org/micromatch 3ms (cache hit)
287 silly packumentCache corgi:https://registry.npmjs.org/micromatch set size:71776 disposed:false
288 http cache https://registry.npmjs.org/readdirp 3ms (cache hit)
289 silly packumentCache corgi:https://registry.npmjs.org/readdirp set size:48044 disposed:false
290 silly packumentCache corgi:https://registry.npmjs.org/postcss-load-config cache-miss
291 http cache https://registry.npmjs.org/postcss-load-config 1ms (cache hit)
292 silly packumentCache corgi:https://registry.npmjs.org/postcss-load-config set size:37999 disposed:false
293 http fetch GET 200 https://registry.npmjs.org/eslint/-/eslint-9.39.5.tgz 344ms (cache miss)
294 http fetch GET 200 https://registry.npmjs.org/js-yaml/-/js-yaml-4.3.1.tgz 390ms (cache miss)
295 http fetch GET 200 https://registry.npmjs.org/@eslint/object-schema/-/object-schema-2.1.7.tgz 556ms (cache miss)
296 http fetch GET 200 https://registry.npmjs.org/@eslint/eslintrc/-/eslintrc-3.3.6.tgz 572ms (cache miss)
297 silly ADD node_modules/has-flag
298 silly ADD node_modules/callsites
299 silly ADD node_modules/argparse
300 silly ADD node_modules/resolve-from
301 silly ADD node_modules/parent-module
302 silly ADD node_modules/supports-color
303 silly ADD node_modules/strip-json-comments
304 silly ADD node_modules/js-yaml
305 silly ADD node_modules/import-fresh
306 silly ADD node_modules/lodash.merge
307 silly ADD node_modules/chalk
308 silly ADD node_modules/@eslint/js
309 silly ADD node_modules/@eslint/eslintrc
310 silly ADD node_modules/@eslint/eslintrc/node_modules/brace-expansion
311 silly ADD node_modules/@eslint/eslintrc/node_modules/minimatch
312 silly ADD node_modules/@eslint/eslintrc/node_modules/globals
313 silly CHANGE node_modules/espree
314 silly CHANGE node_modules/espree/node_modules/eslint-visitor-keys
315 silly CHANGE node_modules/eslint-scope
316 silly CHANGE node_modules/eslint
317 silly ADD node_modules/eslint/node_modules/brace-expansion
318 silly ADD node_modules/eslint/node_modules/minimatch
319 silly CHANGE node_modules/eslint/node_modules/eslint-visitor-keys
320 silly REMOVE node_modules/@types/esrecurse
321 silly CHANGE node_modules/@eslint/plugin-kit
322 silly CHANGE node_modules/@eslint/object-schema
323 silly CHANGE node_modules/@eslint/core
324 silly CHANGE node_modules/@eslint/config-helpers
325 silly CHANGE node_modules/@eslint/config-array
326 silly ADD node_modules/@eslint/config-array/node_modules/brace-expansion
327 silly ADD node_modules/@eslint/config-array/node_modules/minimatch
328 verbose cwd /Users/suraj/Desktop/Project/persnol/portfolio
329 verbose os Darwin 25.5.0
330 verbose node v24.14.0
331 verbose npm  v11.9.0
332 verbose exit 0
333 info ok
